@swaigwar ➜ /workspaces/-wagTV (main) $ git commit -m "sAIgTV Big Bang Review"
[main bc949f0a] sAIgTV Big Bang Review
 Author: swaigwar <swaiggyverse@gmail.com>
 10 files changed, 3246 insertions(+), 7 deletions(-)
 create mode 100644 Big Bang Launch Review.txt
 create mode 100644 iceyice.txt
@swaigwar ➜ /workspaces/-wagTV (main) $ add .
bash: add: command not found
@swaigwar ➜ /workspaces/-wagTV (main) $ git add .
@swaigwar ➜ /workspaces/-wagTV (main) $ git commit -m "git commit -m $sAIgTV Big Bang V1.0 with Gummo V1.0"
[main 11d3d4ab] git commit -m  Big Bang V1.0 with Gummo V1.0
 Author: swaigwar <swaiggyverse@gmail.com>
 2 files changed, 571 insertions(+)
 rename iceyice.txt => AI Terminal iceyice.txt (93%)
 create mode 100644 sauce claude code quick reference guide
@swaigwar ➜ /workspaces/-wagTV (main) $ git push
Enumerating objects: 39, done.
Counting objects: 100% (39/39), done.
Delta compression using up to 16 threads
Compressing objects: 100% (21/21), done.
Writing objects: 100% (23/23), 505.70 KiB | 10.76 MiB/s, done.
Total 23 (delta 6), reused 0 (delta 0), pack-reused 0 (from 0)
remote: Resolving deltas: 100% (6/6), completed with 4 local objects.
To https://github.com/swaigwar/-wagTV
   d6e46d92..11d3d4ab  main -> main
@swaigwar ➜ /workspaces/-wagTV (main) $ git status
On branch main
Your branch is up to date with 'origin/main'.

Untracked files:
  (use "git add <file>..." to include in what will be committed)
        Executive Summary.txt

nothing added to commit but untracked files present (use "git add" to track)
@swaigwar ➜ /workspaces/-wagTV (main) $ git add .
@swaigwar ➜ /workspaces/-wagTV (main) $ npm audit
found 0 vulnerabilities
@swaigwar ➜ /workspaces/-wagTV (main) $ git log --oneline -5
11d3d4ab (HEAD -> main, origin/main, origin/HEAD) git commit -m  Big Bang V1.0 with Gummo V1.0
bc949f0a sAIgTV Big Bang Review
d6e46d92 Phase 1.0: Complete DIY Launch Documentation Suite
2361ca5f Phase 1: Big Bang - DIY Enterprise Security Alpha 🚀
62acc41a 10 trillion stack can barely play an mp3, a web site and an app
@swaigwar ➜ /workspaces/-wagTV (main) $ git log --oneline -5
11d3d4ab (HEAD -> main, origin/main, origin/HEAD) git commit -m  Big Bang V1.0 with Gummo V1.0
bc949f0a sAIgTV Big Bang Review
d6e46d92 Phase 1.0: Complete DIY Launch Documentation Suite
2361ca5f Phase 1: Big Bang - DIY Enterprise Security Alpha 🚀
62acc41a 10 trillion stack can barely play an mp3, a web site and an app
@swaigwar ➜ /workspaces/-wagTV (main) $ git remote -v
origin  https://github.com/swaigwar/-wagTV (fetch)
origin  https://github.com/swaigwar/-wagTV (push)
@swaigwar ➜ /workspaces/-wagTV (main) $ git push origin main
Everything up-to-date
@swaigwar ➜ /workspaces/-wagTV (main) $ rm -rf node_modules 
@swaigwar ➜ /workspaces/-wagTV (main) $ git status
On branch main
Your branch is up to date with 'origin/main'.

Changes to be committed:
  (use "git restore --staged <file>..." to unstage)
        new file:   Executive Summary.txt

@swaigwar ➜ /workspaces/-wagTV (main) $ git commit -m "Add Executive Summary.txt - Final backup before shutdown"
[main 70309a69] Add Executive Summary.txt - Final backup before shutdown
 Author: swaigwar <swaiggyverse@gmail.com>
 1 file changed, 9 insertions(+)
 create mode 100644 Executive Summary.txt
@swaigwar ➜ /workspaces/-wagTV (main) $ git push origin main

Perfect! I can see you're almost done with the backup process. You have the `Executive Summary.txt` file staged and ready to commit. Here are the final steps to complete your backup:

## Step 1: Commit the Staged File
Copy and paste this command to commit your Executive Summary:

```bash
git commit -m "Add Executive Summary.txt - Final backup before shutdown"
```

## Step 2: Push to GitHub
Now push this final commit to back it up to GitHub:

```bash
git push origin main
```

## Step 3: Final Verification
Confirm everything is backed up:

```bash
git status
```

You should see "nothing to commit, working tree clean" which means everything is safely backed up!

## Backup Status Summary

✅ **Your backup is almost complete!** You just need to commit and push that final `Executive Summary.txt` file.

Your repository shows:
- **5 recent commits** with your project history
- **Remote connection** to GitHub confirmed (`origin/main`)
- **Security check passed** (0 vulnerabilities)
- **Node modules cleaned** (space saved)

Once you run those 3 commands above, your entire `-wagTV` project will be fully backed up to GitHub and accessible to your team. The backup will include all your work from the "Big Bang" launches through to this final Executive Summary.

**You're doing great!** Just those 3 final commands and you'll have a complete, secure backup of your project. 🚀